
> lumine-react@0.0.0 build
> vite build

[36mvite v5.4.21 [32mbuilding for production...[36m[39m
transforming...
[32mΓ£ô[39m 1102 modules transformed.
node.exe : [31mx[39m Build 
failed in 3.71s
At C:\Program 
Files\nodejs\npm.ps1:29 char:3
+   & $NODE_EXE $NPM_CLI_JS $args
+   ~~~~~~~~~~~~~~~~~~~~~~~~~~~~~
    + CategoryInfo          : NotS 
   pecified: ([31mx[39m Build f  
  ailed in 3.71s:String) [], Rem   
 oteException
    + FullyQualifiedErrorId : Nati 
   veCommandError
 
[31merror during build:
[31msrc/components/Header.jsx 
(2:9): "Church" is not exported by 
"node_modules/phosphor-react/dist/i
ndex.esm.js", imported by 
"src/components/Header.jsx".[31m
file: [36mC:/Users/shiva/Desktop/r
eact/lumine-react/src/components/He
ader.jsx:2:9[31m
[33m
1: import React from 'react';
2: import { Church } from 
'phosphor-react';
            ^
3: import { useTranslation } from 
'../context/LanguageContext';
[31m
    at getRollupError (file:///C:/U
sers/shiva/Desktop/react/lumine-rea
ct/node_modules/rollup/dist/es/shar
ed/parseAst.js:401:41)
    at error (file:///C:/Users/shiv
a/Desktop/react/lumine-react/node_m
odules/rollup/dist/es/shared/parseA
st.js:397:42)
    at Module.error (file:///C:/Use
rs/shiva/Desktop/react/lumine-react
/node_modules/rollup/dist/es/shared
/node-entry.js:16956:16)
    at Module.traceVariable (file:/
//C:/Users/shiva/Desktop/react/lumi
ne-react/node_modules/rollup/dist/e
s/shared/node-entry.js:17412:29)
    at ModuleScope.findVariable (fi
le:///C:/Users/shiva/Desktop/react/
lumine-react/node_modules/rollup/di
st/es/shared/node-entry.js:15076:39
)
    at 
ReturnValueScope.findVariable (file
:///C:/Users/shiva/Desktop/react/lu
mine-react/node_modules/rollup/dist
/es/shared/node-entry.js:5649:38)
    at 
FunctionBodyScope.findVariable (fil
e:///C:/Users/shiva/Desktop/react/l
umine-react/node_modules/rollup/dis
t/es/shared/node-entry.js:5649:38)
    at Identifier.bind (file:///C:/
Users/shiva/Desktop/react/lumine-re
act/node_modules/rollup/dist/es/sha
red/node-entry.js:5423:40)
    at CallExpression.bind (file://
/C:/Users/shiva/Desktop/react/lumin
e-react/node_modules/rollup/dist/es
/shared/node-entry.js:2809:28)
    at CallExpression.bind (file://
/C:/Users/shiva/Desktop/react/lumin
e-react/node_modules/rollup/dist/es
/shared/node-entry.js:12123:15)[39
m
